// Jest Snapshot v1, https://goo.gl/fbAQLP

exports[`Pruebas en <TestApp /> Debe de hacer match con el snapshot 1`] = `
<div>
  <h1>
    Hola, Soy Goku
  </h1>
  <p>
    No hay subtitulo
  </p>
  <p>
    Gabriel Vieyra
  </p>
</div>
`;

exports[`Pruebas en <TestApp /> Debe de hacer match con el snapshot 2`] = `
<div>
  <h1>
    Hola, Soy Goku
  </h1>
  <p>
    No hay subtitulo
  </p>
  <p>
    Gabriel Vieyra
  </p>
</div>
`;
